// Jest Snapshot v1, https://goo.gl/fbAQLP

exports[`renders correctly 1`] = `
<nav
  className="navbar"
>
  <div
    className="logo-container"
  >
    <img
      alt="logo"
      src="logo.png"
      style={
        Object {
          "height": "50px",
          "width": "50px",
        }
      }
    />
    <h1>
      Space Travelers
    </h1>
  </div>
  <ul
    className="ul-links"
  >
    <li
      className="li-links"
    >
      <a
        aria-current="page"
        className="links active"
        href="/"
        onClick={[Function]}
      >
        Rockets
      </a>
    </li>
    <li
      className="li-links"
    >
      <a
        className="links"
        href="/missions"
        onClick={[Function]}
      >
        Missions
      </a>
    </li>
    <li
      className="li-links"
    >
      <a
        className="links"
        href="/profile"
        onClick={[Function]}
      >
        Profile
      </a>
    </li>
  </ul>
</nav>
`;
