// Jest Snapshot v1, https://goo.gl/fbAQLP

exports[`renders correctly 1`] = `
Array [
  <p>
    No missions joined
  </p>,
  <table
    className="table"
  >
    <tbody />
  </table>,
]
`;
