// Jest Snapshot v1, https://goo.gl/fbAQLP

exports[`renders correctly 1`] = `
<div
  className="reserved-rockets"
>
  <h1>
    My Rockets
  </h1>
  <div
    className="reserved-list"
  />
</div>
`;
